[2m10:05:11[22m [31m[1m[vite][22m[39m [31mInternal server error: D:\幼儿识字启蒙教育平台开发\client\src\components\HanziMap.jsx: Unexpected token (165:0)

[0m [90m 163 |[31m     { key[33m:[31m [32m'library'[31m[33m,[31m label[33m:[31m [32m'字库'[31m[33m,[31m icon[33m:[31m [32m'listChecks'[31m[33m,[31m color[33m:[31m [32m'text-kid-purple'[31m }[33m,[31m
 [90m 164 |[31m   ][33m;[31m
[31m[1m>[22m[31m[90m 165 |[31m
 [90m     |[31m [31m[1m^[22m[31m[0m[39m
  Plugin: [35mvite:react-babel[39m
  File: [36mD:/幼儿识字启蒙教育平台开发/client/src/components/HanziMap.jsx[39m:165:0
      at constructor (D:\幼儿识字启蒙教育平台开发\client\node_modules\@babel\parser\lib\index.js:369:19)
      at JSXParserMixin.raise (D:\幼儿识字启蒙教育平台开发\client\node_modules\@babel\parser\lib\index.js:6620:19)
      at JSXParserMixin.unexpected (D:\幼儿识字启蒙教育平台开发\client\node_modules\@babel\parser\lib\index.js:6640:16)
      at JSXParserMixin.parseExprAtom (D:\幼儿识字启蒙教育平台开发\client\node_modules\@babel\parser\lib\index.js:11468:22)
      at JSXParserMixin.parseExprAtom (D:\幼儿识字启蒙教育平台开发\client\node_modules\@babel\parser\lib\index.js:4780:20)
      at JSXParserMixin.parseExprSubscripts (D:\幼儿识字启蒙教育平台开发\client\node_modules\@babel\parser\lib\index.js:11102:23)
      at JSXParserMixin.parseUpdate (D:\幼儿识字启蒙教育平台开发\client\node_modules\@babel\parser\lib\index.js:11087:21)
      at JSXParserMixin.parseMaybeUnary (D:\幼儿识字启蒙教育平台开发\client\node_modules\@babel\parser\lib\index.js:11067:23)
      at JSXParserMixin.parseMaybeUnaryOrPrivate (D:\幼儿识字启蒙教育平台开发\client\node_modules\@babel\parser\lib\index.js:10920:61)
      at JSXParserMixin.parseExprOps (D:\幼儿识字启蒙教育平台开发\client\node_modules\@babel\parser\lib\index.js:10925:23)
      at JSXParserMixin.parseMaybeConditional (D:\幼儿识字启蒙教育平台开发\client\node_modules\@babel\parser\lib\index.js:10902:23)
      at JSXParserMixin.parseMaybeAssign (D:\幼儿识字启蒙教育平台开发\client\node_modules\@babel\parser\lib\index.js:10852:21)
      at JSXParserMixin.parseExpressionBase (D:\幼儿识字启蒙教育平台开发\client\node_modules\@babel\parser\lib\index.js:10805:23)
      at D:\幼儿识字启蒙教育平台开发\client\node_modules\@babel\parser\lib\index.js:10801:39
      at JSXParserMixin.allowInAnd (D:\幼儿识字启蒙教育平台开发\client\node_modules\@babel\parser\lib\index.js:12450:16)
      at JSXParserMixin.parseExpression (D:\幼儿识字启蒙教育平台开发\client\node_modules\@babel\parser\lib\index.js:10801:17)
      at JSXParserMixin.parseStatementContent (D:\幼儿识字启蒙教育平台开发\client\node_modules\@babel\parser\lib\index.js:12924:23)
      at JSXParserMixin.parseStatementLike (D:\幼儿识字启蒙教育平台开发\client\node_modules\@babel\parser\lib\index.js:12796:17)
      at JSXParserMixin.parseStatementListItem (D:\幼儿识字启蒙教育平台开发\client\node_modules\@babel\parser\lib\index.js:12776:17)
      at JSXParserMixin.parseBlockOrModuleBlockBody (D:\幼儿识字启蒙教育平台开发\client\node_modules\@babel\parser\lib\index.js:13345:61)
      at JSXParserMixin.parseBlockBody (D:\幼儿识字启蒙教育平台开发\client\node_modules\@babel\parser\lib\index.js:13338:10)
      at JSXParserMixin.parseBlock (D:\幼儿识字启蒙教育平台开发\client\node_modules\@babel\parser\lib\index.js:13326:10)
      at JSXParserMixin.parseFunctionBody (D:\幼儿识字启蒙教育平台开发\client\node_modules\@babel\parser\lib\index.js:12129:24)
      at JSXParserMixin.parseFunctionBodyAndFinish (D:\幼儿识字启蒙教育平台开发\client\node_modules\@babel\parser\lib\index.js:12115:10)
      at D:\幼儿识字启蒙教育平台开发\client\node_modules\@babel\parser\lib\index.js:13474:12
      at JSXParserMixin.withSmartMixTopicForbiddingContext (D:\幼儿识字启蒙教育平台开发\client\node_modules\@babel\parser\lib\index.js:12432:14)
      at JSXParserMixin.parseFunction (D:\幼儿识字启蒙教育平台开发\client\node_modules\@babel\parser\lib\index.js:13473:10)
      at JSXParserMixin.parseExportDefaultExpression (D:\幼儿识字启蒙教育平台开发\client\node_modules\@babel\parser\lib\index.js:13936:19)
      at JSXParserMixin.parseExport (D:\幼儿识字启蒙教育平台开发\client\node_modules\@babel\parser\lib\index.js:13857:25)
      at JSXParserMixin.parseStatementContent (D:\幼儿识字启蒙教育平台开发\client\node_modules\@babel\parser\lib\index.js:12907:27)
      at JSXParserMixin.parseStatementLike (D:\幼儿识字启蒙教育平台开发\client\node_modules\@babel\parser\lib\index.js:12796:17)
      at JSXParserMixin.parseModuleItem (D:\幼儿识字启蒙教育平台开发\client\node_modules\@babel\parser\lib\index.js:12773:17)
      at JSXParserMixin.parseBlockOrModuleBlockBody (D:\幼儿识字启蒙教育平台开发\client\node_modules\@babel\parser\lib\index.js:13345:36)
      at JSXParserMixin.parseBlockBody (D:\幼儿识字启蒙教育平台开发\client\node_modules\@babel\parser\lib\index.js:13338:10)
      at JSXParserMixin.parseProgram (D:\幼儿识字启蒙教育平台开发\client\node_modules\@babel\parser\lib\index.js:12651:10)
      at JSXParserMixin.parseTopLevel (D:\幼儿识字启蒙教育平台开发\client\node_modules\@babel\parser\lib\index.js:12641:25)
      at JSXParserMixin.parse (D:\幼儿识字启蒙教育平台开发\client\node_modules\@babel\parser\lib\index.js:14517:25)
      at parse (D:\幼儿识字启蒙教育平台开发\client\node_modules\@babel\parser\lib\index.js:14551:38)
      at parser (D:\幼儿识字启蒙教育平台开发\client\node_modules\@babel\core\lib\parser\index.js:41:34)
      at parser.next (<anonymous>)
      at normalizeFile (D:\幼儿识字启蒙教育平台开发\client\node_modules\@babel\core\lib\transformation\normalize-file.js:51:37)
      at normalizeFile.next (<anonymous>)
      at run (D:\幼儿识字启蒙教育平台开发\client\node_modules\@babel\core\lib\transformation\index.js:22:50)
      at run.next (<anonymous>)
      at transform (D:\幼儿识字启蒙教育平台开发\client\node_modules\@babel\core\lib\transform.js:22:33)
      at transform.next (<anonymous>)
      at step (D:\幼儿识字启蒙教育平台开发\client\node_modules\gensync\index.js:261:32)
      at D:\幼儿识字启蒙教育平台开发\client\node_modules\gensync\index.js:273:13
      at async.call.result.err.err (D:\幼儿识字启蒙教育平台开发\client\node_modules\gensync\index.js:223:11)
      at D:\幼儿识字启蒙教育平台开发\client\node_modules\gensync\index.js:189:28
[2m10:05:11[22m [31m[1m[vite][22m[39m [31mInternal server error: D:\幼儿识字启蒙教育平台开发\client\src\components\HanziMap.jsx: Unexpected token (165:0)

[0m [90m 163 |[31m     { key[33m:[31m [32m'library'[31m[33m,[31m label[33m:[31m [32m'字库'[31m[33m,[31m icon[33m:[31m [32m'listChecks'[31m[33m,[31m color[33m:[31m [32m'text-kid-purple'[31m }[33m,[31m
 [90m 164 |[31m   ][33m;[31m
[31m[1m>[22m[31m[90m 165 |[31m
 [90m     |[31m [31m[1m^[22m[31m[0m[39m
  Plugin: [35mvite:react-babel[39m
  File: [36mD:/幼儿识字启蒙教育平台开发/client/src/components/HanziMap.jsx[39m:165:0
      at constructor (D:\幼儿识字启蒙教育平台开发\client\node_modules\@babel\parser\lib\index.js:369:19)
      at JSXParserMixin.raise (D:\幼儿识字启蒙教育平台开发\client\node_modules\@babel\parser\lib\index.js:6620:19)
      at JSXParserMixin.unexpected (D:\幼儿识字启蒙教育平台开发\client\node_modules\@babel\parser\lib\index.js:6640:16)
      at JSXParserMixin.parseExprAtom (D:\幼儿识字启蒙教育平台开发\client\node_modules\@babel\parser\lib\index.js:11468:22)
      at JSXParserMixin.parseExprAtom (D:\幼儿识字启蒙教育平台开发\client\node_modules\@babel\parser\lib\index.js:4780:20)
      at JSXParserMixin.parseExprSubscripts (D:\幼儿识字启蒙教育平台开发\client\node_modules\@babel\parser\lib\index.js:11102:23)
      at JSXParserMixin.parseUpdate (D:\幼儿识字启蒙教育平台开发\client\node_modules\@babel\parser\lib\index.js:11087:21)
      at JSXParserMixin.parseMaybeUnary (D:\幼儿识字启蒙教育平台开发\client\node_modules\@babel\parser\lib\index.js:11067:23)
      at JSXParserMixin.parseMaybeUnaryOrPrivate (D:\幼儿识字启蒙教育平台开发\client\node_modules\@babel\parser\lib\index.js:10920:61)
      at JSXParserMixin.parseExprOps (D:\幼儿识字启蒙教育平台开发\client\node_modules\@babel\parser\lib\index.js:10925:23)
      at JSXParserMixin.parseMaybeConditional (D:\幼儿识字启蒙教育平台开发\client\node_modules\@babel\parser\lib\index.js:10902:23)
      at JSXParserMixin.parseMaybeAssign (D:\幼儿识字启蒙教育平台开发\client\node_modules\@babel\parser\lib\index.js:10852:21)
      at JSXParserMixin.parseExpressionBase (D:\幼儿识字启蒙教育平台开发\client\node_modules\@babel\parser\lib\index.js:10805:23)
      at D:\幼儿识字启蒙教育平台开发\client\node_modules\@babel\parser\lib\index.js:10801:39
      at JSXParserMixin.allowInAnd (D:\幼儿识字启蒙教育平台开发\client\node_modules\@babel\parser\lib\index.js:12450:16)
      at JSXParserMixin.parseExpression (D:\幼儿识字启蒙教育平台开发\client\node_modules\@babel\parser\lib\index.js:10801:17)
      at JSXParserMixin.parseStatementContent (D:\幼儿识字启蒙教育平台开发\client\node_modules\@babel\parser\lib\index.js:12924:23)
      at JSXParserMixin.parseStatementLike (D:\幼儿识字启蒙教育平台开发\client\node_modules\@babel\parser\lib\index.js:12796:17)
      at JSXParserMixin.parseStatementListItem (D:\幼儿识字启蒙教育平台开发\client\node_modules\@babel\parser\lib\index.js:12776:17)
      at JSXParserMixin.parseBlockOrModuleBlockBody (D:\幼儿识字启蒙教育平台开发\client\node_modules\@babel\parser\lib\index.js:13345:61)
      at JSXParserMixin.parseBlockBody (D:\幼儿识字启蒙教育平台开发\client\node_modules\@babel\parser\lib\index.js:13338:10)
      at JSXParserMixin.parseBlock (D:\幼儿识字启蒙教育平台开发\client\node_modules\@babel\parser\lib\index.js:13326:10)
      at JSXParserMixin.parseFunctionBody (D:\幼儿识字启蒙教育平台开发\client\node_modules\@babel\parser\lib\index.js:12129:24)
      at JSXParserMixin.parseFunctionBodyAndFinish (D:\幼儿识字启蒙教育平台开发\client\node_modules\@babel\parser\lib\index.js:12115:10)
      at D:\幼儿识字启蒙教育平台开发\client\node_modules\@babel\parser\lib\index.js:13474:12
      at JSXParserMixin.withSmartMixTopicForbiddingContext (D:\幼儿识字启蒙教育平台开发\client\node_modules\@babel\parser\lib\index.js:12432:14)
      at JSXParserMixin.parseFunction (D:\幼儿识字启蒙教育平台开发\client\node_modules\@babel\parser\lib\index.js:13473:10)
      at JSXParserMixin.parseExportDefaultExpression (D:\幼儿识字启蒙教育平台开发\client\node_modules\@babel\parser\lib\index.js:13936:19)
      at JSXParserMixin.parseExport (D:\幼儿识字启蒙教育平台开发\client\node_modules\@babel\parser\lib\index.js:13857:25)
      at JSXParserMixin.parseStatementContent (D:\幼儿识字启蒙教育平台开发\client\node_modules\@babel\parser\lib\index.js:12907:27)
      at JSXParserMixin.parseStatementLike (D:\幼儿识字启蒙教育平台开发\client\node_modules\@babel\parser\lib\index.js:12796:17)
      at JSXParserMixin.parseModuleItem (D:\幼儿识字启蒙教育平台开发\client\node_modules\@babel\parser\lib\index.js:12773:17)
      at JSXParserMixin.parseBlockOrModuleBlockBody (D:\幼儿识字启蒙教育平台开发\client\node_modules\@babel\parser\lib\index.js:13345:36)
      at JSXParserMixin.parseBlockBody (D:\幼儿识字启蒙教育平台开发\client\node_modules\@babel\parser\lib\index.js:13338:10)
      at JSXParserMixin.parseProgram (D:\幼儿识字启蒙教育平台开发\client\node_modules\@babel\parser\lib\index.js:12651:10)
      at JSXParserMixin.parseTopLevel (D:\幼儿识字启蒙教育平台开发\client\node_modules\@babel\parser\lib\index.js:12641:25)
      at JSXParserMixin.parse (D:\幼儿识字启蒙教育平台开发\client\node_modules\@babel\parser\lib\index.js:14517:25)
      at parse (D:\幼儿识字启蒙教育平台开发\client\node_modules\@babel\parser\lib\index.js:14551:38)
      at parser (D:\幼儿识字启蒙教育平台开发\client\node_modules\@babel\core\lib\parser\index.js:41:34)
      at parser.next (<anonymous>)
      at normalizeFile (D:\幼儿识字启蒙教育平台开发\client\node_modules\@babel\core\lib\transformation\normalize-file.js:51:37)
      at normalizeFile.next (<anonymous>)
      at run (D:\幼儿识字启蒙教育平台开发\client\node_modules\@babel\core\lib\transformation\index.js:22:50)
      at run.next (<anonymous>)
      at transform (D:\幼儿识字启蒙教育平台开发\client\node_modules\@babel\core\lib\transform.js:22:33)
      at transform.next (<anonymous>)
      at step (D:\幼儿识字启蒙教育平台开发\client\node_modules\gensync\index.js:261:32)
      at D:\幼儿识字启蒙教育平台开发\client\node_modules\gensync\index.js:273:13
      at async.call.result.err.err (D:\幼儿识字启蒙教育平台开发\client\node_modules\gensync\index.js:223:11)
      at D:\幼儿识字启蒙教育平台开发\client\node_modules\gensync\index.js:189:28
[2m10:59:07[22m [31m[1m[vite][22m[39m [31mInternal server error: D:\幼儿识字启蒙教育平台开发\client\src\components\HanziMap.jsx: Identifier 'useLandscape' has already been declared. (27:9)

[0m [90m 25 |[31m
 [90m 26 |[31m [90m/** 监听设备方向：横屏 → 左右移动；竖屏 → 上下移动 */[31m
[31m[1m>[22m[31m[90m 27 |[31m [36mfunction[31m useLandscape() {
 [90m    |[31m          [31m[1m^[22m[31m
 [90m 28 |[31m   [36mconst[31m [36mget[31m [33m=[31m () [33m=>[31m ([36mtypeof[31m window [33m!==[31m [32m'undefined'[31m [33m&&[31m window[33m.[31mmatchMedia)
 [90m 29 |[31m     [33m?[31m window[33m.[31mmatchMedia([32m'(orientation: landscape)'[31m)[33m.[31mmatches
 [90m 30 |[31m     [33m:[31m [36mtrue[31m[33m;[31m[0m[39m
  Plugin: [35mvite:react-babel[39m
  File: [36mD:/幼儿识字启蒙教育平台开发/client/src/components/HanziMap.jsx[39m:27:9
[33m  26 |  /** 监听设备方向：横屏 → 左右移动；竖屏 → 上下移动 */
  27 |  function useLandscape() {
  28 |    const get = () => (typeof window !== 'undefined' && window.matchMedia)
     |           ^
  29 |      ? window.matchMedia('(orientation: landscape)').matches
  30 |      : true;[39m
      at constructor (D:\幼儿识字启蒙教育平台开发\client\node_modules\@babel\parser\lib\index.js:369:19)
      at JSXParserMixin.raise (D:\幼儿识字启蒙教育平台开发\client\node_modules\@babel\parser\lib\index.js:6620:19)
      at ScopeHandler.checkRedeclarationInScope (D:\幼儿识字启蒙教育平台开发\client\node_modules\@babel\parser\lib\index.js:1623:19)
      at ScopeHandler.declareName (D:\幼儿识字启蒙教育平台开发\client\node_modules\@babel\parser\lib\index.js:1589:12)
      at JSXParserMixin.registerFunctionStatementId (D:\幼儿识字启蒙教育平台开发\client\node_modules\@babel\parser\lib\index.js:13495:16)
      at JSXParserMixin.parseFunction (D:\幼儿识字启蒙教育平台开发\client\node_modules\@babel\parser\lib\index.js:13479:12)
      at JSXParserMixin.parseFunctionStatement (D:\幼儿识字启蒙教育平台开发\client\node_modules\@babel\parser\lib\index.js:13154:17)
      at JSXParserMixin.parseStatementContent (D:\幼儿识字启蒙教育平台开发\client\node_modules\@babel\parser\lib\index.js:12820:21)
      at JSXParserMixin.parseStatementLike (D:\幼儿识字启蒙教育平台开发\client\node_modules\@babel\parser\lib\index.js:12796:17)
      at JSXParserMixin.parseModuleItem (D:\幼儿识字启蒙教育平台开发\client\node_modules\@babel\parser\lib\index.js:12773:17)
      at JSXParserMixin.parseBlockOrModuleBlockBody (D:\幼儿识字启蒙教育平台开发\client\node_modules\@babel\parser\lib\index.js:13345:36)
      at JSXParserMixin.parseBlockBody (D:\幼儿识字启蒙教育平台开发\client\node_modules\@babel\parser\lib\index.js:13338:10)
      at JSXParserMixin.parseProgram (D:\幼儿识字启蒙教育平台开发\client\node_modules\@babel\parser\lib\index.js:12651:10)
      at JSXParserMixin.parseTopLevel (D:\幼儿识字启蒙教育平台开发\client\node_modules\@babel\parser\lib\index.js:12641:25)
      at JSXParserMixin.parse (D:\幼儿识字启蒙教育平台开发\client\node_modules\@babel\parser\lib\index.js:14517:25)
      at parse (D:\幼儿识字启蒙教育平台开发\client\node_modules\@babel\parser\lib\index.js:14551:38)
      at parser (D:\幼儿识字启蒙教育平台开发\client\node_modules\@babel\core\lib\parser\index.js:41:34)
      at parser.next (<anonymous>)
      at normalizeFile (D:\幼儿识字启蒙教育平台开发\client\node_modules\@babel\core\lib\transformation\normalize-file.js:51:37)
      at normalizeFile.next (<anonymous>)
      at run (D:\幼儿识字启蒙教育平台开发\client\node_modules\@babel\core\lib\transformation\index.js:22:50)
      at run.next (<anonymous>)
      at transform (D:\幼儿识字启蒙教育平台开发\client\node_modules\@babel\core\lib\transform.js:22:33)
      at transform.next (<anonymous>)
      at step (D:\幼儿识字启蒙教育平台开发\client\node_modules\gensync\index.js:261:32)
      at D:\幼儿识字启蒙教育平台开发\client\node_modules\gensync\index.js:273:13
      at async.call.result.err.err (D:\幼儿识字启蒙教育平台开发\client\node_modules\gensync\index.js:223:11)
      at D:\幼儿识字启蒙教育平台开发\client\node_modules\gensync\index.js:189:28
      at D:\幼儿识字启蒙教育平台开发\client\node_modules\@babel\core\lib\gensync-utils\async.js:67:7
      at D:\幼儿识字启蒙教育平台开发\client\node_modules\gensync\index.js:113:33
      at step (D:\幼儿识字启蒙教育平台开发\client\node_modules\gensync\index.js:287:14)
      at D:\幼儿识字启蒙教育平台开发\client\node_modules\gensync\index.js:273:13
      at async.call.result.err.err (D:\幼儿识字启蒙教育平台开发\client\node_modules\gensync\index.js:223:11)
[2m10:59:07[22m [31m[1m[vite][22m[39m [31mInternal server error: D:\幼儿识字启蒙教育平台开发\client\src\components\HanziMap.jsx: Identifier 'useLandscape' has already been declared. (27:9)

[0m [90m 25 |[31m
 [90m 26 |[31m [90m/** 监听设备方向：横屏 → 左右移动；竖屏 → 上下移动 */[31m
[31m[1m>[22m[31m[90m 27 |[31m [36mfunction[31m useLandscape() {
 [90m    |[31m          [31m[1m^[22m[31m
 [90m 28 |[31m   [36mconst[31m [36mget[31m [33m=[31m () [33m=>[31m ([36mtypeof[31m window [33m!==[31m [32m'undefined'[31m [33m&&[31m window[33m.[31mmatchMedia)
 [90m 29 |[31m     [33m?[31m window[33m.[31mmatchMedia([32m'(orientation: landscape)'[31m)[33m.[31mmatches
 [90m 30 |[31m     [33m:[31m [36mtrue[31m[33m;[31m[0m[39m
  Plugin: [35mvite:react-babel[39m
  File: [36mD:/幼儿识字启蒙教育平台开发/client/src/components/HanziMap.jsx[39m:27:9
[33m  26 |  /** 监听设备方向：横屏 → 左右移动；竖屏 → 上下移动 */
  27 |  function useLandscape() {
  28 |    const get = () => (typeof window !== 'undefined' && window.matchMedia)
     |           ^
  29 |      ? window.matchMedia('(orientation: landscape)').matches
  30 |      : true;[39m
      at constructor (D:\幼儿识字启蒙教育平台开发\client\node_modules\@babel\parser\lib\index.js:369:19)
      at JSXParserMixin.raise (D:\幼儿识字启蒙教育平台开发\client\node_modules\@babel\parser\lib\index.js:6620:19)
      at ScopeHandler.checkRedeclarationInScope (D:\幼儿识字启蒙教育平台开发\client\node_modules\@babel\parser\lib\index.js:1623:19)
      at ScopeHandler.declareName (D:\幼儿识字启蒙教育平台开发\client\node_modules\@babel\parser\lib\index.js:1589:12)
      at JSXParserMixin.registerFunctionStatementId (D:\幼儿识字启蒙教育平台开发\client\node_modules\@babel\parser\lib\index.js:13495:16)
      at JSXParserMixin.parseFunction (D:\幼儿识字启蒙教育平台开发\client\node_modules\@babel\parser\lib\index.js:13479:12)
      at JSXParserMixin.parseFunctionStatement (D:\幼儿识字启蒙教育平台开发\client\node_modules\@babel\parser\lib\index.js:13154:17)
      at JSXParserMixin.parseStatementContent (D:\幼儿识字启蒙教育平台开发\client\node_modules\@babel\parser\lib\index.js:12820:21)
      at JSXParserMixin.parseStatementLike (D:\幼儿识字启蒙教育平台开发\client\node_modules\@babel\parser\lib\index.js:12796:17)
      at JSXParserMixin.parseModuleItem (D:\幼儿识字启蒙教育平台开发\client\node_modules\@babel\parser\lib\index.js:12773:17)
      at JSXParserMixin.parseBlockOrModuleBlockBody (D:\幼儿识字启蒙教育平台开发\client\node_modules\@babel\parser\lib\index.js:13345:36)
      at JSXParserMixin.parseBlockBody (D:\幼儿识字启蒙教育平台开发\client\node_modules\@babel\parser\lib\index.js:13338:10)
      at JSXParserMixin.parseProgram (D:\幼儿识字启蒙教育平台开发\client\node_modules\@babel\parser\lib\index.js:12651:10)
      at JSXParserMixin.parseTopLevel (D:\幼儿识字启蒙教育平台开发\client\node_modules\@babel\parser\lib\index.js:12641:25)
      at JSXParserMixin.parse (D:\幼儿识字启蒙教育平台开发\client\node_modules\@babel\parser\lib\index.js:14517:25)
      at parse (D:\幼儿识字启蒙教育平台开发\client\node_modules\@babel\parser\lib\index.js:14551:38)
      at parser (D:\幼儿识字启蒙教育平台开发\client\node_modules\@babel\core\lib\parser\index.js:41:34)
      at parser.next (<anonymous>)
      at normalizeFile (D:\幼儿识字启蒙教育平台开发\client\node_modules\@babel\core\lib\transformation\normalize-file.js:51:37)
      at normalizeFile.next (<anonymous>)
      at run (D:\幼儿识字启蒙教育平台开发\client\node_modules\@babel\core\lib\transformation\index.js:22:50)
      at run.next (<anonymous>)
      at transform (D:\幼儿识字启蒙教育平台开发\client\node_modules\@babel\core\lib\transform.js:22:33)
      at transform.next (<anonymous>)
      at step (D:\幼儿识字启蒙教育平台开发\client\node_modules\gensync\index.js:261:32)
      at D:\幼儿识字启蒙教育平台开发\client\node_modules\gensync\index.js:273:13
      at async.call.result.err.err (D:\幼儿识字启蒙教育平台开发\client\node_modules\gensync\index.js:223:11)
      at D:\幼儿识字启蒙教育平台开发\client\node_modules\gensync\index.js:189:28
      at D:\幼儿识字启蒙教育平台开发\client\node_modules\@babel\core\lib\gensync-utils\async.js:67:7
      at D:\幼儿识字启蒙教育平台开发\client\node_modules\gensync\index.js:113:33
      at step (D:\幼儿识字启蒙教育平台开发\client\node_modules\gensync\index.js:287:14)
      at D:\幼儿识字启蒙教育平台开发\client\node_modules\gensync\index.js:273:13
      at async.call.result.err.err (D:\幼儿识字启蒙教育平台开发\client\node_modules\gensync\index.js:223:11)
[2m12:16:01[22m [31m[1m[vite][22m[39m [31mInternal server error: D:\幼儿识字启蒙教育平台开发\client\src\components\HanziStudy.jsx: Unterminated JSX contents. (258:10)

[0m [90m 256 |[31m         [33m<[31m[33m/[31m[33mbutton[31m[33m>[31m
 [90m 257 |[31m       [33m<[31m[33m/[31m[33mdiv[31m[33m>[31m
[31m[1m>[22m[31m[90m 258 |[31m     [33m<[31m[33m/[31m[33mdiv[31m[33m>[31m
 [90m     |[31m           [31m[1m^[22m[31m
 [90m 259 |[31m   )[33m;[31m
 [90m 260 |[31m }
 [90m 261 |[31m[0m[39m
  Plugin: [35mvite:react-babel[39m
  File: [36mD:/幼儿识字启蒙教育平台开发/client/src/components/HanziStudy.jsx[39m:258:10
      at constructor (D:\幼儿识字启蒙教育平台开发\client\node_modules\@babel\parser\lib\index.js:369:19)
      at JSXParserMixin.raise (D:\幼儿识字启蒙教育平台开发\client\node_modules\@babel\parser\lib\index.js:6620:19)
      at JSXParserMixin.jsxReadToken (D:\幼儿识字启蒙教育平台开发\client\node_modules\@babel\parser\lib\index.js:4464:20)
      at JSXParserMixin.getTokenFromCode (D:\幼儿识字启蒙教育平台开发\client\node_modules\@babel\parser\lib\index.js:4790:12)
      at JSXParserMixin.nextToken (D:\幼儿识字启蒙教育平台开发\client\node_modules\@babel\parser\lib\index.js:5803:10)
      at JSXParserMixin.next (D:\幼儿识字启蒙教育平台开发\client\node_modules\@babel\parser\lib\index.js:5713:10)
      at JSXParserMixin.eat (D:\幼儿识字启蒙教育平台开发\client\node_modules\@babel\parser\lib\index.js:5717:12)
      at JSXParserMixin.expect (D:\幼儿识字启蒙教育平台开发\client\node_modules\@babel\parser\lib\index.js:6919:15)
      at JSXParserMixin.jsxParseClosingElementAt (D:\幼儿识字启蒙教育平台开发\client\node_modules\@babel\parser\lib\index.js:4696:10)
      at JSXParserMixin.jsxParseElementAt (D:\幼儿识字启蒙教育平台开发\client\node_modules\@babel\parser\lib\index.js:4711:37)
      at JSXParserMixin.jsxParseElementAt (D:\幼儿识字启蒙教育平台开发\client\node_modules\@babel\parser\lib\index.js:4714:32)
      at JSXParserMixin.jsxParseElement (D:\幼儿识字启蒙教育平台开发\client\node_modules\@babel\parser\lib\index.js:4765:17)
      at JSXParserMixin.parseExprAtom (D:\幼儿识字启蒙教育平台开发\client\node_modules\@babel\parser\lib\index.js:4775:19)
      at JSXParserMixin.parseExprSubscripts (D:\幼儿识字启蒙教育平台开发\client\node_modules\@babel\parser\lib\index.js:11102:23)
      at JSXParserMixin.parseUpdate (D:\幼儿识字启蒙教育平台开发\client\node_modules\@babel\parser\lib\index.js:11087:21)
      at JSXParserMixin.parseMaybeUnary (D:\幼儿识字启蒙教育平台开发\client\node_modules\@babel\parser\lib\index.js:11067:23)
      at JSXParserMixin.parseMaybeUnaryOrPrivate (D:\幼儿识字启蒙教育平台开发\client\node_modules\@babel\parser\lib\index.js:10920:61)
      at JSXParserMixin.parseExprOps (D:\幼儿识字启蒙教育平台开发\client\node_modules\@babel\parser\lib\index.js:10925:23)
      at JSXParserMixin.parseMaybeConditional (D:\幼儿识字启蒙教育平台开发\client\node_modules\@babel\parser\lib\index.js:10902:23)
      at JSXParserMixin.parseMaybeAssign (D:\幼儿识字启蒙教育平台开发\client\node_modules\@babel\parser\lib\index.js:10852:21)
      at D:\幼儿识字启蒙教育平台开发\client\node_modules\@babel\parser\lib\index.js:10821:39
      at JSXParserMixin.allowInAnd (D:\幼儿识字启蒙教育平台开发\client\node_modules\@babel\parser\lib\index.js:12455:12)
      at JSXParserMixin.parseMaybeAssignAllowIn (D:\幼儿识字启蒙教育平台开发\client\node_modules\@babel\parser\lib\index.js:10821:17)
      at JSXParserMixin.parseMaybeAssignAllowInOrVoidPattern (D:\幼儿识字启蒙教育平台开发\client\node_modules\@babel\parser\lib\index.js:12522:17)
      at JSXParserMixin.parseParenAndDistinguishExpression (D:\幼儿识字启蒙教育平台开发\client\node_modules\@babel\parser\lib\index.js:11701:28)
      at JSXParserMixin.parseExprAtom (D:\幼儿识字启蒙教育平台开发\client\node_modules\@babel\parser\lib\index.js:11357:23)
      at JSXParserMixin.parseExprAtom (D:\幼儿识字启蒙教育平台开发\client\node_modules\@babel\parser\lib\index.js:4780:20)
      at JSXParserMixin.parseExprSubscripts (D:\幼儿识字启蒙教育平台开发\client\node_modules\@babel\parser\lib\index.js:11102:23)
      at JSXParserMixin.parseUpdate (D:\幼儿识字启蒙教育平台开发\client\node_modules\@babel\parser\lib\index.js:11087:21)
      at JSXParserMixin.parseMaybeUnary (D:\幼儿识字启蒙教育平台开发\client\node_modules\@babel\parser\lib\index.js:11067:23)
      at JSXParserMixin.parseMaybeUnaryOrPrivate (D:\幼儿识字启蒙教育平台开发\client\node_modules\@babel\parser\lib\index.js:10920:61)
      at JSXParserMixin.parseExprOps (D:\幼儿识字启蒙教育平台开发\client\node_modules\@babel\parser\lib\index.js:10925:23)
      at JSXParserMixin.parseMaybeConditional (D:\幼儿识字启蒙教育平台开发\client\node_modules\@babel\parser\lib\index.js:10902:23)
      at JSXParserMixin.parseMaybeAssign (D:\幼儿识字启蒙教育平台开发\client\node_modules\@babel\parser\lib\index.js:10852:21)
      at JSXParserMixin.parseExpressionBase (D:\幼儿识字启蒙教育平台开发\client\node_modules\@babel\parser\lib\index.js:10805:23)
      at D:\幼儿识字启蒙教育平台开发\client\node_modules\@babel\parser\lib\index.js:10801:39
      at JSXParserMixin.allowInAnd (D:\幼儿识字启蒙教育平台开发\client\node_modules\@babel\parser\lib\index.js:12450:16)
      at JSXParserMixin.parseExpression (D:\幼儿识字启蒙教育平台开发\client\node_modules\@babel\parser\lib\index.js:10801:17)
      at JSXParserMixin.parseReturnStatement (D:\幼儿识字启蒙教育平台开发\client\node_modules\@babel\parser\lib\index.js:13171:28)
      at JSXParserMixin.parseStatementContent (D:\幼儿识字启蒙教育平台开发\client\node_modules\@babel\parser\lib\index.js:12827:21)
      at JSXParserMixin.parseStatementLike (D:\幼儿识字启蒙教育平台开发\client\node_modules\@babel\parser\lib\index.js:12796:17)
      at JSXParserMixin.parseStatementListItem (D:\幼儿识字启蒙教育平台开发\client\node_modules\@babel\parser\lib\index.js:12776:17)
      at JSXParserMixin.parseBlockOrModuleBlockBody (D:\幼儿识字启蒙教育平台开发\client\node_modules\@babel\parser\lib\index.js:13345:61)
      at JSXParserMixin.parseBlockBody (D:\幼儿识字启蒙教育平台开发\client\node_modules\@babel\parser\lib\index.js:13338:10)
      at JSXParserMixin.parseBlock (D:\幼儿识字启蒙教育平台开发\client\node_modules\@babel\parser\lib\index.js:13326:10)
      at JSXParserMixin.parseFunctionBody (D:\幼儿识字启蒙教育平台开发\client\node_modules\@babel\parser\lib\index.js:12129:24)
      at JSXParserMixin.parseFunctionBodyAndFinish (D:\幼儿识字启蒙教育平台开发\client\node_modules\@babel\parser\lib\index.js:12115:10)
      at D:\幼儿识字启蒙教育平台开发\client\node_modules\@babel\parser\lib\index.js:13474:12
      at JSXParserMixin.withSmartMixTopicForbiddingContext (D:\幼儿识字启蒙教育平台开发\client\node_modules\@babel\parser\lib\index.js:12432:14)
      at JSXParserMixin.parseFunction (D:\幼儿识字启蒙教育平台开发\client\node_modules\@babel\parser\lib\index.js:13473:10)
[2m12:16:01[22m [31m[1m[vite][22m[39m [31mInternal server error: D:\幼儿识字启蒙教育平台开发\client\src\components\HanziStudy.jsx: Unterminated JSX contents. (258:10)

[0m [90m 256 |[31m         [33m<[31m[33m/[31m[33mbutton[31m[33m>[31m
 [90m 257 |[31m       [33m<[31m[33m/[31m[33mdiv[31m[33m>[31m
[31m[1m>[22m[31m[90m 258 |[31m     [33m<[31m[33m/[31m[33mdiv[31m[33m>[31m
 [90m     |[31m           [31m[1m^[22m[31m
 [90m 259 |[31m   )[33m;[31m
 [90m 260 |[31m }
 [90m 261 |[31m[0m[39m
  Plugin: [35mvite:react-babel[39m
  File: [36mD:/幼儿识字启蒙教育平台开发/client/src/components/HanziStudy.jsx[39m:258:10
      at constructor (D:\幼儿识字启蒙教育平台开发\client\node_modules\@babel\parser\lib\index.js:369:19)
      at JSXParserMixin.raise (D:\幼儿识字启蒙教育平台开发\client\node_modules\@babel\parser\lib\index.js:6620:19)
      at JSXParserMixin.jsxReadToken (D:\幼儿识字启蒙教育平台开发\client\node_modules\@babel\parser\lib\index.js:4464:20)
      at JSXParserMixin.getTokenFromCode (D:\幼儿识字启蒙教育平台开发\client\node_modules\@babel\parser\lib\index.js:4790:12)
      at JSXParserMixin.nextToken (D:\幼儿识字启蒙教育平台开发\client\node_modules\@babel\parser\lib\index.js:5803:10)
      at JSXParserMixin.next (D:\幼儿识字启蒙教育平台开发\client\node_modules\@babel\parser\lib\index.js:5713:10)
      at JSXParserMixin.eat (D:\幼儿识字启蒙教育平台开发\client\node_modules\@babel\parser\lib\index.js:5717:12)
      at JSXParserMixin.expect (D:\幼儿识字启蒙教育平台开发\client\node_modules\@babel\parser\lib\index.js:6919:15)
      at JSXParserMixin.jsxParseClosingElementAt (D:\幼儿识字启蒙教育平台开发\client\node_modules\@babel\parser\lib\index.js:4696:10)
      at JSXParserMixin.jsxParseElementAt (D:\幼儿识字启蒙教育平台开发\client\node_modules\@babel\parser\lib\index.js:4711:37)
      at JSXParserMixin.jsxParseElementAt (D:\幼儿识字启蒙教育平台开发\client\node_modules\@babel\parser\lib\index.js:4714:32)
      at JSXParserMixin.jsxParseElement (D:\幼儿识字启蒙教育平台开发\client\node_modules\@babel\parser\lib\index.js:4765:17)
      at JSXParserMixin.parseExprAtom (D:\幼儿识字启蒙教育平台开发\client\node_modules\@babel\parser\lib\index.js:4775:19)
      at JSXParserMixin.parseExprSubscripts (D:\幼儿识字启蒙教育平台开发\client\node_modules\@babel\parser\lib\index.js:11102:23)
      at JSXParserMixin.parseUpdate (D:\幼儿识字启蒙教育平台开发\client\node_modules\@babel\parser\lib\index.js:11087:21)
      at JSXParserMixin.parseMaybeUnary (D:\幼儿识字启蒙教育平台开发\client\node_modules\@babel\parser\lib\index.js:11067:23)
      at JSXParserMixin.parseMaybeUnaryOrPrivate (D:\幼儿识字启蒙教育平台开发\client\node_modules\@babel\parser\lib\index.js:10920:61)
      at JSXParserMixin.parseExprOps (D:\幼儿识字启蒙教育平台开发\client\node_modules\@babel\parser\lib\index.js:10925:23)
      at JSXParserMixin.parseMaybeConditional (D:\幼儿识字启蒙教育平台开发\client\node_modules\@babel\parser\lib\index.js:10902:23)
      at JSXParserMixin.parseMaybeAssign (D:\幼儿识字启蒙教育平台开发\client\node_modules\@babel\parser\lib\index.js:10852:21)
      at D:\幼儿识字启蒙教育平台开发\client\node_modules\@babel\parser\lib\index.js:10821:39
      at JSXParserMixin.allowInAnd (D:\幼儿识字启蒙教育平台开发\client\node_modules\@babel\parser\lib\index.js:12455:12)
      at JSXParserMixin.parseMaybeAssignAllowIn (D:\幼儿识字启蒙教育平台开发\client\node_modules\@babel\parser\lib\index.js:10821:17)
      at JSXParserMixin.parseMaybeAssignAllowInOrVoidPattern (D:\幼儿识字启蒙教育平台开发\client\node_modules\@babel\parser\lib\index.js:12522:17)
      at JSXParserMixin.parseParenAndDistinguishExpression (D:\幼儿识字启蒙教育平台开发\client\node_modules\@babel\parser\lib\index.js:11701:28)
      at JSXParserMixin.parseExprAtom (D:\幼儿识字启蒙教育平台开发\client\node_modules\@babel\parser\lib\index.js:11357:23)
      at JSXParserMixin.parseExprAtom (D:\幼儿识字启蒙教育平台开发\client\node_modules\@babel\parser\lib\index.js:4780:20)
      at JSXParserMixin.parseExprSubscripts (D:\幼儿识字启蒙教育平台开发\client\node_modules\@babel\parser\lib\index.js:11102:23)
      at JSXParserMixin.parseUpdate (D:\幼儿识字启蒙教育平台开发\client\node_modules\@babel\parser\lib\index.js:11087:21)
      at JSXParserMixin.parseMaybeUnary (D:\幼儿识字启蒙教育平台开发\client\node_modules\@babel\parser\lib\index.js:11067:23)
      at JSXParserMixin.parseMaybeUnaryOrPrivate (D:\幼儿识字启蒙教育平台开发\client\node_modules\@babel\parser\lib\index.js:10920:61)
      at JSXParserMixin.parseExprOps (D:\幼儿识字启蒙教育平台开发\client\node_modules\@babel\parser\lib\index.js:10925:23)
      at JSXParserMixin.parseMaybeConditional (D:\幼儿识字启蒙教育平台开发\client\node_modules\@babel\parser\lib\index.js:10902:23)
      at JSXParserMixin.parseMaybeAssign (D:\幼儿识字启蒙教育平台开发\client\node_modules\@babel\parser\lib\index.js:10852:21)
      at JSXParserMixin.parseExpressionBase (D:\幼儿识字启蒙教育平台开发\client\node_modules\@babel\parser\lib\index.js:10805:23)
      at D:\幼儿识字启蒙教育平台开发\client\node_modules\@babel\parser\lib\index.js:10801:39
      at JSXParserMixin.allowInAnd (D:\幼儿识字启蒙教育平台开发\client\node_modules\@babel\parser\lib\index.js:12450:16)
      at JSXParserMixin.parseExpression (D:\幼儿识字启蒙教育平台开发\client\node_modules\@babel\parser\lib\index.js:10801:17)
      at JSXParserMixin.parseReturnStatement (D:\幼儿识字启蒙教育平台开发\client\node_modules\@babel\parser\lib\index.js:13171:28)
      at JSXParserMixin.parseStatementContent (D:\幼儿识字启蒙教育平台开发\client\node_modules\@babel\parser\lib\index.js:12827:21)
      at JSXParserMixin.parseStatementLike (D:\幼儿识字启蒙教育平台开发\client\node_modules\@babel\parser\lib\index.js:12796:17)
      at JSXParserMixin.parseStatementListItem (D:\幼儿识字启蒙教育平台开发\client\node_modules\@babel\parser\lib\index.js:12776:17)
      at JSXParserMixin.parseBlockOrModuleBlockBody (D:\幼儿识字启蒙教育平台开发\client\node_modules\@babel\parser\lib\index.js:13345:61)
      at JSXParserMixin.parseBlockBody (D:\幼儿识字启蒙教育平台开发\client\node_modules\@babel\parser\lib\index.js:13338:10)
      at JSXParserMixin.parseBlock (D:\幼儿识字启蒙教育平台开发\client\node_modules\@babel\parser\lib\index.js:13326:10)
      at JSXParserMixin.parseFunctionBody (D:\幼儿识字启蒙教育平台开发\client\node_modules\@babel\parser\lib\index.js:12129:24)
      at JSXParserMixin.parseFunctionBodyAndFinish (D:\幼儿识字启蒙教育平台开发\client\node_modules\@babel\parser\lib\index.js:12115:10)
      at D:\幼儿识字启蒙教育平台开发\client\node_modules\@babel\parser\lib\index.js:13474:12
      at JSXParserMixin.withSmartMixTopicForbiddingContext (D:\幼儿识字启蒙教育平台开发\client\node_modules\@babel\parser\lib\index.js:12432:14)
      at JSXParserMixin.parseFunction (D:\幼儿识字启蒙教育平台开发\client\node_modules\@babel\parser\lib\index.js:13473:10)
